
> redteam-simulation@0.1.0 dev
> next dev --webpack

▲ Next.js 16.3.4 (webpack)
- Local:         http://localhost:3000
- Network:       http://192.168.143.241:3000
- Environments: .env
✓ Ready in 963ms
✓ Running next.config.ts took 2.1s

○ Compiling / ...
 GET / 200 in 6.1s (next.js: 5.4s, application-code: 670ms)
 GET / 200 in 318ms (next.js: 66ms, application-code: 252ms)
○ Compiling /api/auth/me ...
 GET /api/auth/me 401 in 5.1s (next.js: 4.8s, application-code: 346ms)
 GET /api/auth/me 401 in 26ms (next.js: 13ms, application-code: 13ms)
 GET / 200 in 402ms (next.js: 203ms, application-code: 199ms)
 GET /login 200 in 1587ms (next.js: 1501ms, application-code: 86ms)
 GET /login 200 in 70ms (next.js: 10ms, application-code: 60ms)
 POST /api/auth/login 401 in 2.4s (next.js: 2.1s, application-code: 348ms)
 GET /register 200 in 3.6s (next.js: 3.4s, application-code: 144ms)
 POST /api/auth/register 201 in 1615ms (next.js: 1158ms, application-code: 457ms)
 GET /dashboard 200 in 2.5s (next.js: 2.4s, application-code: 145ms)
 GET /dashboard 200 in 79ms (next.js: 14ms, application-code: 66ms)
 GET /dashboard 200 in 80ms (next.js: 16ms, application-code: 64ms)
 GET /api/dashboard 200 in 2.1s (next.js: 1820ms, application-code: 275ms)
○ Compiling /templates ...
 GET /campaigns 200 in 6.8s (next.js: 6.4s, application-code: 337ms)
 GET /templates 200 in 5.6s (next.js: 5.4s, application-code: 146ms)
 GET /target-groups 200 in 3.0s (next.js: 2.9s, application-code: 105ms)
 GET /api/dashboard 200 in 6.6s (next.js: 6.1s, application-code: 448ms)
 GET /templates 200 in 85ms (next.js: 11ms, application-code: 73ms)
 GET /api/groups 200 in 1108ms (next.js: 1045ms, application-code: 64ms)
 GET /api/groups 200 in 44ms (next.js: 8ms, application-code: 36ms)
 GET /sending-profiles 200 in 1249ms (next.js: 1162ms, application-code: 87ms)
 GET /api/sending-profiles 200 in 1521ms (next.js: 1476ms, application-code: 46ms)
 GET /api/sending-profiles 200 in 26ms (next.js: 6ms, application-code: 20ms)
 GET /campaigns 200 in 111ms (next.js: 68ms, application-code: 43ms)
 GET /api/campaigns 200 in 3.1s (next.js: 3.0s, application-code: 132ms)
 GET /templates 200 in 1518ms (next.js: 1433ms, application-code: 85ms)
 GET /dashboard 200 in 2.4s (next.js: 2.3s, application-code: 133ms)
 GET /api/campaigns 200 in 34ms (next.js: 6ms, application-code: 29ms)
 GET /api/landing-pages 200 in 1644ms (next.js: 1616ms, application-code: 28ms)
 GET /api/landing-pages 200 in 16ms (next.js: 3ms, application-code: 12ms)
 POST /api/landing-pages 201 in 74ms (next.js: 6ms, application-code: 68ms)
 GET /api/landing-pages 200 in 28ms (next.js: 6ms, application-code: 22ms)
 GET /templates 200 in 724ms (next.js: 354ms, application-code: 370ms)
 GET /templates 200 in 57ms (next.js: 8ms, application-code: 49ms)
 GET /target-groups 200 in 96ms (next.js: 34ms, application-code: 62ms)
 GET /api/groups 200 in 76ms (next.js: 26ms, application-code: 49ms)
 GET /api/groups 200 in 30ms (next.js: 7ms, application-code: 23ms)
 GET /sending-profiles 200 in 59ms (next.js: 17ms, application-code: 42ms)
 GET /api/sending-profiles 200 in 62ms (next.js: 30ms, application-code: 32ms)
 GET /api/sending-profiles 200 in 37ms (next.js: 10ms, application-code: 28ms)
 GET /target-groups 200 in 41ms (next.js: 6ms, application-code: 34ms)
 GET /api/groups 200 in 25ms (next.js: 6ms, application-code: 19ms)
 GET /api/groups 200 in 25ms (next.js: 6ms, application-code: 19ms)
 POST /api/targets 201 in 2.3s (next.js: 2.2s, application-code: 74ms)
 GET /api/groups 200 in 26ms (next.js: 7ms, application-code: 19ms)
 GET /target-groups 200 in 236ms (next.js: 159ms, application-code: 76ms)
 GET /api/groups/779077/targets 200 in 2.6s (next.js: 2.6s, application-code: 49ms)
 GET /api/groups/779077/targets 200 in 32ms (next.js: 19ms, application-code: 13ms)
 GET /api/groups/779077/targets 200 in 15ms (next.js: 3ms, application-code: 12ms)
 GET /api/groups/779077/targets 200 in 24ms (next.js: 7ms, application-code: 17ms)
 GET /api/groups/779077/targets 200 in 39ms (next.js: 21ms, application-code: 17ms)
 GET /api/groups/779077/targets 200 in 21ms (next.js: 4ms, application-code: 17ms)
 GET /api/groups/779077/targets 200 in 37ms (next.js: 21ms, application-code: 16ms)
 GET /api/groups/779077/targets 200 in 34ms (next.js: 19ms, application-code: 15ms)
 GET /api/groups/779077/targets 200 in 42ms (next.js: 24ms, application-code: 18ms)
 GET /api/groups/779077/targets 200 in 69ms (next.js: 43ms, application-code: 26ms)
○ Compiling /api/groups ...
 GET /api/groups 200 in 4.1s (next.js: 3.8s, application-code: 274ms)
 GET /api/groups 200 in 56ms (next.js: 12ms, application-code: 43ms)
 GET /target-groups 200 in 396ms (next.js: 185ms, application-code: 211ms)
⨯ SyntaxError: Unexpected end of JSON input
    at JSON.parse (<anonymous>) {
  page: '/target-groups'
}
○ Compiling /_error ...
 GET /target-groups 500 in 11.1s (next.js: 10.7s, application-code: 426ms)
 GET /target-groups 200 in 631ms (next.js: 57ms, application-code: 574ms)
 GET /target-groups 200 in 17ms
 GET /target-groups 200 in 1920ms (next.js: 1032ms, application-code: 888ms)
 GET /target-groups 200 in 742ms (next.js: 7ms, application-code: 736ms)
 GET /api/auth/me 200 in 1917ms (next.js: 1476ms, application-code: 441ms)
 GET /api/auth/me 200 in 24ms (next.js: 7ms, application-code: 17ms)
 GET /target-groups 200 in 596ms (next.js: 386ms, application-code: 210ms)
 GET /api/groups 200 in 71ms (next.js: 24ms, application-code: 47ms)
 GET /api/groups 200 in 25ms (next.js: 6ms, application-code: 19ms)
 GET /target-groups 200 in 112ms (next.js: 12ms, application-code: 100ms)
 GET /target-groups 200 in 209ms (next.js: 26ms, application-code: 182ms)
 GET /target-groups 200 in 929ms (next.js: 769ms, application-code: 160ms)
 GET /target-groups 200 in 367ms (next.js: 269ms, application-code: 98ms)
 GET /target-groups 200 in 1766ms (next.js: 881ms, application-code: 886ms)
○ Compiling /api/auth/me ...
 GET /api/auth/me 200 in 4.4s (next.js: 4.2s, application-code: 210ms)
 GET /api/auth/me 200 in 48ms (next.js: 12ms, application-code: 36ms)
○ Compiling /api/groups ...
 GET /api/groups 200 in 3.8s (next.js: 3.6s, application-code: 200ms)
 GET /api/groups 200 in 23ms (next.js: 8ms, application-code: 15ms)
 POST /api/auth/login 200 in 775ms (next.js: 631ms, application-code: 144ms)
 GET /api/groups 200 in 43ms (next.js: 23ms, application-code: 21ms)
 GET /target-groups 200 in 202ms (next.js: 145ms, application-code: 57ms)
 POST /api/auth/login 200 in 120ms (next.js: 3ms, application-code: 117ms)
 POST /api/groups 200 in 66ms (next.js: 1.9ms, application-code: 64ms)
 GET /api/groups/779078/targets 200 in 766ms (next.js: 614ms, application-code: 152ms)
 GET /target-groups 200 in 125ms (next.js: 78ms, application-code: 47ms)
 PUT /api/groups/779078 200 in 2.0s (next.js: 1899ms, application-code: 145ms)
 GET /api/groups/779078/targets 200 in 131ms (next.js: 21ms, application-code: 110ms)
 DELETE /api/groups/779078/targets?targetId=759028 200 in 127ms (next.js: 4ms, application-code: 123ms)
 GET /target-groups 200 in 173ms (next.js: 52ms, application-code: 121ms)
 DELETE /api/groups/779078 200 in 73ms (next.js: 22ms, application-code: 51ms)
 GET /api/groups 200 in 18ms (next.js: 6ms, application-code: 12ms)
 GET /target-groups 200 in 50ms (next.js: 6ms, application-code: 44ms)
 GET /target-groups 200 in 32ms (next.js: 4ms, application-code: 28ms)
 GET /api/groups/779077/targets 200 in 90ms (next.js: 55ms, application-code: 35ms)
 GET /api/groups/779077/targets 200 in 23ms (next.js: 4ms, application-code: 18ms)
 GET /api/groups/779077/targets 200 in 45ms (next.js: 27ms, application-code: 18ms)
 GET /api/groups/779077/targets 200 in 29ms (next.js: 5ms, application-code: 24ms)
 GET /target-groups 200 in 663ms (next.js: 493ms, application-code: 170ms)
 GET /target-groups 200 in 459ms (next.js: 115ms, application-code: 343ms)
 POST /api/auth/login 200 in 272ms (next.js: 28ms, application-code: 244ms)
 POST /api/groups 200 in 183ms (next.js: 7ms, application-code: 177ms)
⨯ SyntaxError: Unexpected end of JSON input
    at JSON.parse (<anonymous>) {
  page: '/api/groups/779079'
}
 GET /target-groups 200 in 715ms (next.js: 513ms, application-code: 202ms)
 DELETE /api/groups/779079 500 in 3.1s (next.js: 3.0s, application-code: 48ms)
 POST /api/auth/login 200 in 385ms (next.js: 28ms, application-code: 356ms)
 POST /api/groups 200 in 304ms (next.js: 9ms, application-code: 295ms)
 DELETE /api/groups/779080 200 in 130ms (next.js: 37ms, application-code: 92ms)
 GET /target-groups 200 in 106ms (next.js: 12ms, application-code: 94ms)
 GET /target-groups 200 in 49ms (next.js: 5ms, application-code: 44ms)
 POST /api/auth/login 200 in 139ms (next.js: 14ms, application-code: 124ms)
 DELETE /api/groups/779079 200 in 149ms (next.js: 15ms, application-code: 134ms)
 GET /api/groups 200 in 26ms (next.js: 7ms, application-code: 19ms)
 GET /target-groups 200 in 1213ms (next.js: 35ms, application-code: 1178ms)
 GET /target-groups 200 in 35ms (next.js: 6ms, application-code: 29ms)
 GET /target-groups 200 in 604ms (next.js: 33ms, application-code: 571ms)
 GET /api/auth/me 200 in 3.3s (next.js: 3.1s, application-code: 169ms)
 GET /api/auth/me 200 in 27ms (next.js: 5ms, application-code: 22ms)
 GET /api/groups 200 in 1089ms (next.js: 1028ms, application-code: 61ms)
 GET /api/groups 200 in 24ms (next.js: 5ms, application-code: 18ms)
 GET /api/groups/779077/targets 200 in 1544ms (next.js: 1492ms, application-code: 52ms)
 GET /api/groups/779077/targets 200 in 35ms (next.js: 8ms, application-code: 27ms)
 GET /api/groups/779077/targets 200 in 29ms (next.js: 6ms, application-code: 23ms)
 GET /api/groups/779077/targets 200 in 20ms (next.js: 3ms, application-code: 16ms)
 GET /api/groups/779077/targets 200 in 40ms (next.js: 20ms, application-code: 20ms)
 GET /api/groups/779077/targets 200 in 18ms (next.js: 4ms, application-code: 15ms)
 GET /api/groups/779077/targets 200 in 39ms (next.js: 19ms, application-code: 20ms)
 POST /api/groups 200 in 96ms (next.js: 12ms, application-code: 83ms)
 GET /api/groups 200 in 24ms (next.js: 6ms, application-code: 18ms)
 GET /api/groups/779081/targets 200 in 467ms (next.js: 24ms, application-code: 442ms)
 GET /target-groups 200 in 467ms (next.js: 274ms, application-code: 193ms)
 GET /api/groups/779077/targets 200 in 45ms (next.js: 19ms, application-code: 27ms)
 GET /target-groups 200 in 373ms (next.js: 237ms, application-code: 136ms)
 GET /api/groups/779077/targets 200 in 18ms (next.js: 4ms, application-code: 13ms)
 GET /api/groups/779077/targets 200 in 43ms (next.js: 25ms, application-code: 18ms)
 GET /api/groups/779081/targets 200 in 38ms (next.js: 22ms, application-code: 16ms)
 GET /api/groups/779081/targets 200 in 33ms (next.js: 18ms, application-code: 15ms)
 GET /api/groups/779077/targets 200 in 31ms (next.js: 18ms, application-code: 13ms)
 GET /api/groups/779081/targets 200 in 48ms (next.js: 22ms, application-code: 26ms)
 GET /api/groups/779077/targets 200 in 20ms (next.js: 5ms, application-code: 15ms)
 GET /api/groups/779081/targets 200 in 53ms (next.js: 28ms, application-code: 25ms)
 GET /api/groups/779077/targets 200 in 21ms (next.js: 4ms, application-code: 17ms)
 GET /api/groups/779081/targets 200 in 21ms (next.js: 4ms, application-code: 16ms)
 GET /api/groups/779077/targets 200 in 37ms (next.js: 21ms, application-code: 16ms)
 GET /api/groups/779081/targets 200 in 18ms (next.js: 4ms, application-code: 14ms)
 GET /api/groups/779077/targets 200 in 33ms (next.js: 5ms, application-code: 27ms)
 GET /api/groups/779081/targets 200 in 70ms (next.js: 40ms, application-code: 30ms)
 GET /api/groups/779077/targets 200 in 18ms (next.js: 4ms, application-code: 14ms)
 GET /api/groups/779081/targets 200 in 21ms (next.js: 4ms, application-code: 17ms)
 GET /api/groups/779077/targets 200 in 44ms (next.js: 21ms, application-code: 23ms)
 GET /api/groups/779081/targets 200 in 41ms (next.js: 24ms, application-code: 17ms)
 GET /api/groups/779077/targets 200 in 21ms (next.js: 4ms, application-code: 17ms)
 GET /api/groups/779081/targets 200 in 39ms (next.js: 22ms, application-code: 18ms)
 GET /api/groups/779077/targets 200 in 29ms (next.js: 10ms, application-code: 18ms)
 GET /api/groups/779081/targets 200 in 57ms (next.js: 37ms, application-code: 20ms)
 GET /api/groups/779077/targets 200 in 27ms (next.js: 4ms, application-code: 23ms)
 GET /templates 200 in 2.6s (next.js: 799ms, application-code: 1829ms)
 GET /templates 200 in 1354ms (next.js: 51ms, application-code: 1303ms)
○ Compiling /api/landing-pages ...
 GET /api/landing-pages 200 in 5.7s (next.js: 5.6s, application-code: 149ms)
 GET /api/landing-pages 200 in 20ms (next.js: 4ms, application-code: 16ms)
○ Compiling /campaigns ...
 GET /sending-profiles 200 in 2.8s (next.js: 2.4s, application-code: 367ms)
 GET /campaigns 200 in 5.9s (next.js: 5.7s, application-code: 223ms)
 GET /target-groups 200 in 4.3s (next.js: 4.2s, application-code: 166ms)
 GET /api/sending-profiles 200 in 1556ms (next.js: 1272ms, application-code: 284ms)
 GET /api/sending-profiles 200 in 31ms (next.js: 9ms, application-code: 22ms)
 GET /target-groups 200 in 772ms (next.js: 153ms, application-code: 619ms)
 GET /sending-profiles 200 in 228ms (next.js: 47ms, application-code: 181ms)
 GET /sending-profiles 200 in 906ms (next.js: 799ms, application-code: 107ms)
 GET /sending-profiles 200 in 64ms (next.js: 9ms, application-code: 56ms)
 GET /sending-profiles 200 in 288ms (next.js: 209ms, application-code: 79ms)
 GET /sending-profiles 200 in 190ms (next.js: 21ms, application-code: 169ms)
 GET /sending-profiles 200 in 477ms (next.js: 9ms, application-code: 468ms)
 GET /sending-profiles 200 in 373ms (next.js: 63ms, application-code: 310ms)
 GET /sending-profiles 200 in 93ms (next.js: 19ms, application-code: 74ms)
 GET /target-groups 200 in 943ms (next.js: 137ms, application-code: 805ms)
 GET /sending-profiles 200 in 1682ms (next.js: 55ms, application-code: 1627ms)
○ Compiling /api/auth/me ...
 GET /api/auth/me 200 in 35ms (next.js: 6ms, application-code: 29ms)
 GET /api/auth/me 200 in 35ms (next.js: 7ms, application-code: 28ms)
 GET /api/sending-profiles 200 in 1151ms (next.js: 1086ms, application-code: 65ms)
 GET /api/sending-profiles 200 in 13ms (next.js: 3ms, application-code: 10ms)
 GET /api/auth/me 200 in 286ms (next.js: 71ms, application-code: 216ms)
 GET /sending-profiles 200 in 527ms (next.js: 252ms, application-code: 275ms)
 GET /target-groups 200 in 568ms (next.js: 64ms, application-code: 504ms)
 GET /sending-profiles 200 in 598ms (next.js: 26ms, application-code: 572ms)
 GET /api/auth/me 200 in 339ms (next.js: 15ms, application-code: 325ms)
 GET /api/auth/me 200 in 24ms (next.js: 5ms, application-code: 19ms)
○ Compiling /api/groups ...
 GET /api/auth/me 200 in 45ms (next.js: 19ms, application-code: 25ms)
 GET /api/auth/me 200 in 26ms (next.js: 6ms, application-code: 20ms)
 GET /api/sending-profiles 200 in 1352ms (next.js: 1301ms, application-code: 50ms)
 GET /api/sending-profiles 200 in 19ms (next.js: 5ms, application-code: 15ms)
 GET /sending-profiles 200 in 789ms (next.js: 461ms, application-code: 328ms)
 GET /target-groups 200 in 1173ms (next.js: 75ms, application-code: 1098ms)
 GET /sending-profiles 200 in 368ms (next.js: 30ms, application-code: 338ms)
 GET /api/auth/me 200 in 245ms (next.js: 23ms, application-code: 222ms)
 GET /api/auth/me 200 in 80ms (next.js: 16ms, application-code: 64ms)
 GET /api/groups 200 in 112ms (next.js: 36ms, application-code: 76ms)
 GET /api/groups 200 in 90ms (next.js: 14ms, application-code: 76ms)
○ Compiling /api/groups/[id]/targets ...
 GET /api/auth/me 200 in 26ms (next.js: 9ms, application-code: 17ms)
 GET /api/auth/me 200 in 20ms (next.js: 5ms, application-code: 15ms)
 GET /api/sending-profiles 200 in 42ms (next.js: 22ms, application-code: 20ms)
 GET /api/sending-profiles 200 in 21ms (next.js: 6ms, application-code: 16ms)
 GET /sending-profiles 200 in 629ms (next.js: 461ms, application-code: 169ms)
 GET /templates 200 in 68ms (next.js: 23ms, application-code: 45ms)
○ Compiling /api/landing-pages ...
 GET /api/landing-pages 200 in 7.0s (next.js: 6.0s, application-code: 956ms)
 GET /api/landing-pages 200 in 49ms (next.js: 15ms, application-code: 34ms)
 GET /target-groups 200 in 3.9s (next.js: 3.1s, application-code: 780ms)
 GET /target-groups 200 in 3.9s (next.js: 2.8s, application-code: 1082ms)
 GET /api/groups 200 in 84ms (next.js: 28ms, application-code: 56ms)
 GET /api/groups 200 in 37ms (next.js: 4ms, application-code: 33ms)
 GET /api/groups/779081/targets 200 in 130ms (next.js: 93ms, application-code: 37ms)
 GET /api/groups/779081/targets 200 in 125ms (next.js: 19ms, application-code: 106ms)
 GET /api/auth/me 200 in 74ms (next.js: 45ms, application-code: 29ms)
 GET /api/auth/me 200 in 33ms (next.js: 6ms, application-code: 27ms)
 GET /api/groups 200 in 89ms (next.js: 15ms, application-code: 74ms)
 GET /api/groups 200 in 245ms (next.js: 44ms, application-code: 201ms)
 GET /api/groups/779081/targets 200 in 89ms (next.js: 31ms, application-code: 59ms)
 GET /api/groups/779081/targets 200 in 31ms (next.js: 8ms, application-code: 23ms)
 GET /target-groups 200 in 163ms (next.js: 12ms, application-code: 151ms)
 GET /api/auth/me 200 in 171ms (next.js: 13ms, application-code: 159ms)
 GET /api/auth/me 200 in 25ms (next.js: 6ms, application-code: 18ms)
 GET /api/groups 200 in 56ms (next.js: 13ms, application-code: 43ms)
 GET /api/groups 200 in 34ms (next.js: 6ms, application-code: 28ms)
 GET /api/groups/779081/targets 200 in 77ms (next.js: 50ms, application-code: 27ms)
 GET /api/groups/779081/targets 200 in 24ms (next.js: 5ms, application-code: 19ms)
 GET /target-groups 200 in 95ms (next.js: 17ms, application-code: 77ms)
 GET /target-groups 200 in 134ms (next.js: 11ms, application-code: 124ms)
 GET /target-groups 200 in 2.0s (next.js: 280ms, application-code: 1734ms)
 GET /api/auth/me 200 in 404ms (next.js: 18ms, application-code: 385ms)
 GET /api/auth/me 200 in 100ms (next.js: 34ms, application-code: 66ms)
 GET /api/groups 200 in 96ms (next.js: 10ms, application-code: 86ms)
 GET /api/groups 200 in 61ms (next.js: 15ms, application-code: 45ms)
 GET /api/groups/779081/targets 200 in 146ms (next.js: 94ms, application-code: 52ms)
 GET /api/groups/779081/targets 200 in 62ms (next.js: 12ms, application-code: 50ms)
 GET /api/groups/779077/targets 200 in 80ms (next.js: 31ms, application-code: 48ms)
 GET /api/groups/779081/targets 200 in 88ms (next.js: 14ms, application-code: 73ms)
 GET /api/groups/779077/targets 200 in 105ms (next.js: 34ms, application-code: 71ms)
 GET /api/groups/779081/targets 200 in 73ms (next.js: 28ms, application-code: 45ms)
 GET /api/groups/779077/targets 200 in 56ms (next.js: 18ms, application-code: 38ms)
 GET /api/groups/779081/targets 200 in 56ms (next.js: 11ms, application-code: 45ms)
 GET /api/groups/779077/targets 200 in 68ms (next.js: 29ms, application-code: 39ms)
 GET /api/groups/779081/targets 200 in 113ms (next.js: 38ms, application-code: 74ms)
 GET /api/groups/779077/targets 200 in 36ms (next.js: 10ms, application-code: 26ms)
 GET /api/groups/779081/targets 200 in 102ms (next.js: 30ms, application-code: 72ms)
 GET /api/groups/779077/targets 200 in 56ms (next.js: 26ms, application-code: 30ms)
 GET /target-groups 200 in 2.4s (next.js: 2.2s, application-code: 226ms)
 GET /api/groups 200 in 2.2s (next.js: 2.0s, application-code: 140ms)
 GET /api/groups 200 in 19ms (next.js: 4ms, application-code: 15ms)
 GET /target-groups 200 in 331ms (next.js: 179ms, application-code: 152ms)
 GET /target-groups 200 in 1347ms (next.js: 14ms, application-code: 1333ms)
 GET /target-groups 200 in 747ms (next.js: 32ms, application-code: 715ms)
 GET /api/auth/me 200 in 60ms (next.js: 13ms, application-code: 47ms)
 GET /api/auth/me 200 in 27ms (next.js: 8ms, application-code: 19ms)
 GET /api/groups 200 in 84ms (next.js: 25ms, application-code: 58ms)
 GET /api/groups 200 in 26ms (next.js: 9ms, application-code: 16ms)
 GET /target-groups 200 in 284ms (next.js: 197ms, application-code: 87ms)
 GET /target-groups 200 in 997ms (next.js: 142ms, application-code: 855ms)
 GET /api/auth/me 200 in 138ms (next.js: 13ms, application-code: 125ms)
 GET /api/auth/me 200 in 13ms (next.js: 5ms, application-code: 8ms)
 GET /api/groups 200 in 34ms (next.js: 7ms, application-code: 27ms)
 GET /api/groups 200 in 16ms (next.js: 2.0ms, application-code: 14ms)
 GET /target-groups 200 in 138ms (next.js: 11ms, application-code: 127ms)
 GET /api/auth/me 200 in 346ms (next.js: 9ms, application-code: 337ms)
 GET /api/auth/me 200 in 39ms (next.js: 4ms, application-code: 36ms)
 GET /api/groups 200 in 43ms (next.js: 6ms, application-code: 37ms)
 GET /api/groups 200 in 29ms (next.js: 5ms, application-code: 24ms)
 GET /target-groups 200 in 192ms (next.js: 15ms, application-code: 177ms)
 GET /api/auth/me 200 in 331ms (next.js: 6ms, application-code: 325ms)
 GET /api/auth/me 200 in 29ms (next.js: 5ms, application-code: 24ms)
 GET /api/groups 200 in 89ms (next.js: 17ms, application-code: 71ms)
 GET /api/groups 200 in 29ms (next.js: 8ms, application-code: 21ms)
○ Compiling /api/groups/[id]/targets ...
 GET /target-groups 200 in 2.0s (next.js: 1357ms, application-code: 682ms)
 GET /api/auth/me 200 in 3.1s (next.js: 2.7s, application-code: 377ms)
 GET /api/auth/me 200 in 37ms (next.js: 15ms, application-code: 23ms)
 GET /api/groups 200 in 1431ms (next.js: 1372ms, application-code: 59ms)
 GET /api/groups 200 in 19ms (next.js: 5ms, application-code: 14ms)
 GET /api/groups/779081/targets 200 in 1549ms (next.js: 1417ms, application-code: 132ms)
 GET /target-groups 200 in 1527ms (next.js: 545ms, application-code: 982ms)
 GET /api/auth/me 200 in 311ms (next.js: 46ms, application-code: 265ms)
 GET /api/auth/me 200 in 29ms (next.js: 6ms, application-code: 22ms)
 GET /api/groups 200 in 75ms (next.js: 23ms, application-code: 52ms)
 GET /api/groups 200 in 41ms (next.js: 7ms, application-code: 35ms)
 GET /api/groups/779081/targets 200 in 154ms (next.js: 95ms, application-code: 58ms)
 GET /api/groups/779077/targets 200 in 127ms (next.js: 34ms, application-code: 93ms)
 GET /api/groups/779081/targets 200 in 321ms (next.js: 94ms, application-code: 227ms)
 GET /api/groups/779077/targets 200 in 137ms (next.js: 68ms, application-code: 69ms)
 GET /templates 200 in 638ms (next.js: 137ms, application-code: 501ms)
○ Compiling /api/landing-pages ...
 GET /api/landing-pages 200 in 8.8s (next.js: 8.6s, application-code: 191ms)
 GET /api/landing-pages 200 in 63ms (next.js: 5ms, application-code: 58ms)
 GET /target-groups 200 in 6.1s (next.js: 5.9s, application-code: 198ms)
 GET /target-groups 200 in 74ms (next.js: 23ms, application-code: 51ms)
 GET /api/groups 200 in 37ms (next.js: 13ms, application-code: 24ms)
 GET /api/groups 200 in 23ms (next.js: 6ms, application-code: 16ms)
 GET /api/groups/779081/targets 200 in 211ms (next.js: 112ms, application-code: 99ms)
○ Compiling /api/groups ...
 GET /api/groups 200 in 6.0s (next.js: 5.5s, application-code: 525ms)
 GET /api/groups 200 in 33ms (next.js: 7ms, application-code: 25ms)
 GET /target-groups 200 in 599ms (next.js: 410ms, application-code: 189ms)
 GET /target-groups 200 in 69ms (next.js: 14ms, application-code: 54ms)
 GET /target-groups 200 in 820ms (next.js: 40ms, application-code: 779ms)
 GET /target-groups 200 in 443ms (next.js: 18ms, application-code: 425ms)
○ Compiling /api/auth/me ...
 GET /api/auth/me 200 in 3.9s (next.js: 3.6s, application-code: 217ms)
 GET /api/auth/me 200 in 29ms (next.js: 9ms, application-code: 20ms)
 GET /api/groups 200 in 96ms (next.js: 42ms, application-code: 54ms)
 GET /api/groups 200 in 52ms (next.js: 13ms, application-code: 40ms)
 GET /api/groups/779081/targets 200 in 1488ms (next.js: 1416ms, application-code: 72ms)
 GET /api/auth/me 200 in 41ms (next.js: 12ms, application-code: 30ms)
 GET /api/auth/me 200 in 23ms (next.js: 5ms, application-code: 18ms)
 GET /api/groups 200 in 61ms (next.js: 20ms, application-code: 41ms)
 GET /api/groups 200 in 52ms (next.js: 10ms, application-code: 42ms)
 GET /target-groups 200 in 1240ms (next.js: 797ms, application-code: 443ms)
 GET /target-groups 200 in 4.5s (next.js: 322ms, application-code: 4.1s)
 GET /api/auth/me 200 in 403ms (next.js: 25ms, application-code: 378ms)
 GET /api/auth/me 200 in 44ms (next.js: 9ms, application-code: 35ms)
 GET /api/groups 200 in 78ms (next.js: 25ms, application-code: 53ms)
 GET /api/groups 200 in 38ms (next.js: 6ms, application-code: 32ms)
 GET /api/groups/779081/targets 200 in 254ms (next.js: 165ms, application-code: 89ms)
 GET /api/groups/779077/targets 200 in 97ms (next.js: 38ms, application-code: 59ms)
 GET /templates 200 in 261ms (next.js: 73ms, application-code: 188ms)
○ Compiling /campaigns ...
 GET /api/landing-pages 200 in 13.1s (next.js: 12.6s, application-code: 466ms)
 GET /campaigns 200 in 12.2s (next.js: 11.9s, application-code: 355ms)
 GET /api/landing-pages 200 in 20ms (next.js: 5ms, application-code: 15ms)
 GET /campaigns 200 in 70ms (next.js: 8ms, application-code: 62ms)
 GET /api/campaigns 200 in 1570ms (next.js: 1472ms, application-code: 98ms)
 GET /api/campaigns 200 in 19ms (next.js: 5ms, application-code: 14ms)
 POST /api/campaigns 201 in 1288ms (next.js: 253ms, application-code: 1035ms)
 POST /api/campaigns 201 in 391ms (next.js: 11ms, application-code: 380ms)
 POST /api/campaigns 201 in 300ms (next.js: 26ms, application-code: 274ms)
 POST /api/campaigns 201 in 128ms (next.js: 16ms, application-code: 112ms)
⨯ SyntaxError: Unexpected end of JSON input
    at JSON.parse (<anonymous>) {
  page: '/campaigns'
}
○ Compiling /api/campaigns/[id] ...
 GET /campaigns 500 in 10.6s (next.js: 10.4s, application-code: 181ms)
 PATCH /api/campaigns/1 200 in 961ms (next.js: 681ms, application-code: 281ms)
 PATCH /api/campaigns/1 200 in 3.3s (next.js: 3.0s, application-code: 312ms)
 DELETE /api/campaigns/5 200 in 11.5s (next.js: 11.2s, application-code: 336ms)
 PATCH /api/campaigns/2 200 in 5.9s (next.js: 5.5s, application-code: 362ms)
 PATCH /api/campaigns/5 500 in 4.3s (next.js: 3.9s, application-code: 388ms)
 PATCH /api/campaigns/3 200 in 5.2s (next.js: 4.8s, application-code: 409ms)
 PATCH /api/campaigns/1 200 in 69ms (next.js: 23ms, application-code: 46ms)
 GET /campaigns 200 in 671ms (next.js: 412ms, application-code: 259ms)
 GET /campaigns 200 in 1086ms (next.js: 230ms, application-code: 856ms)
 GET /api/auth/me 200 in 2.0s (next.js: 1713ms, application-code: 302ms)
 GET /api/auth/me 200 in 38ms (next.js: 9ms, application-code: 29ms)
 GET /campaigns 200 in 318ms (next.js: 141ms, application-code: 177ms)
 GET /api/campaigns 200 in 74ms (next.js: 38ms, application-code: 36ms)
 GET /api/campaigns 200 in 52ms (next.js: 5ms, application-code: 47ms)
 GET /templates 200 in 410ms (next.js: 136ms, application-code: 274ms)
 GET /campaigns 200 in 3.9s (next.js: 243ms, application-code: 3.7s)
 GET /api/auth/me 200 in 436ms (next.js: 38ms, application-code: 398ms)
 GET /api/auth/me 200 in 41ms (next.js: 8ms, application-code: 33ms)
 GET /api/campaigns 200 in 88ms (next.js: 11ms, application-code: 77ms)
 GET /api/campaigns 200 in 45ms (next.js: 5ms, application-code: 39ms)
 GET /api/auth/me 200 in 751ms (next.js: 241ms, application-code: 510ms)
 GET /api/auth/me 200 in 46ms (next.js: 15ms, application-code: 31ms)
 GET /api/campaigns 200 in 104ms (next.js: 23ms, application-code: 81ms)
 GET /api/campaigns 200 in 102ms (next.js: 11ms, application-code: 91ms)
 GET /api/auth/me 200 in 957ms (next.js: 139ms, application-code: 818ms)
 GET /api/auth/me 200 in 97ms (next.js: 19ms, application-code: 77ms)
 GET /api/campaigns 200 in 181ms (next.js: 69ms, application-code: 112ms)
 GET /api/campaigns 200 in 61ms (next.js: 15ms, application-code: 46ms)
 GET /api/auth/me 200 in 782ms (next.js: 184ms, application-code: 597ms)
 GET /api/auth/me 200 in 100ms (next.js: 46ms, application-code: 54ms)
 GET /api/campaigns 200 in 169ms (next.js: 30ms, application-code: 139ms)
 GET /api/campaigns 200 in 155ms (next.js: 43ms, application-code: 112ms)
